2026-04-25 10:02:23 [INFO] ⚙️  准备测试: test_login_success[standard_user-secret_sauce-Add to cart]
2026-04-25 10:02:23 [INFO] ️  [性能] 开始创建 Chrome WebDriver...
2026-04-25 10:02:23 [INFO] ⏱️  [性能] 正在初始化 Chrome 浏览器...
2026-04-25 10:07:23 [WARNING] Exception managing chrome: error decoding response body
2026-04-25 10:07:24 [INFO] ⏱️  [性能] Chrome 初始化耗时: 300.97 秒
2026-04-25 10:07:24 [INFO] ️  [性能] 正在最大化窗口...
2026-04-25 10:07:24 [INFO] ⏱️  [性能] 正在加载页面 https://www.saucedemo.com/ ...
2026-04-25 10:07:28 [INFO] ⏱️  [性能] 页面加载耗时: 3.75 秒
2026-04-25 10:07:28 [INFO] ⏱️  [性能] WebDriver 创建总耗时: 304.77 秒
2026-04-25 10:07:28 [INFO] 🚀 开始测试: scripts/test_login.py::TestLogin::test_login_success[standard_user-secret_sauce-Add to cart]
2026-04-25 10:07:32 [INFO] ✅ 测试通过: scripts/test_login.py::TestLogin::test_login_success[standard_user-secret_sauce-Add to cart]
2026-04-25 10:07:32 [INFO] 🧹 清理测试: test_login_success[standard_user-secret_sauce-Add to cart]
2026-04-25 10:07:32 [INFO] 🏁 测试完成: scripts/test_login.py::TestLogin::test_login_success[standard_user-secret_sauce-Add to cart]
2026-04-25 10:07:32 [INFO] ⚙️  准备测试: test_login_failed[standard_user22-secret_sauce-Epic sadface: Username and password do not match any user in this service]
2026-04-25 10:07:32 [INFO] 🚀 开始测试: scripts/test_login.py::TestLogin::test_login_failed[standard_user22-secret_sauce-Epic sadface: Username and password do not match any user in this service]
2026-04-25 10:07:34 [INFO] ✅ 测试通过: scripts/test_login.py::TestLogin::test_login_failed[standard_user22-secret_sauce-Epic sadface: Username and password do not match any user in this service]
2026-04-25 10:07:34 [INFO] 🧹 清理测试: test_login_failed[standard_user22-secret_sauce-Epic sadface: Username and password do not match any user in this service]
2026-04-25 10:07:34 [INFO] 🏁 测试完成: scripts/test_login.py::TestLogin::test_login_failed[standard_user22-secret_sauce-Epic sadface: Username and password do not match any user in this service]
2026-04-25 10:07:34 [INFO] ⚙️  准备测试: test_login_failed[standard_user-secret_sauce22-Epic sadface: Username and password do not match any user in this service]
2026-04-25 10:07:34 [INFO] 🚀 开始测试: scripts/test_login.py::TestLogin::test_login_failed[standard_user-secret_sauce22-Epic sadface: Username and password do not match any user in this service]
2026-04-25 10:07:37 [INFO] ✅ 测试通过: scripts/test_login.py::TestLogin::test_login_failed[standard_user-secret_sauce22-Epic sadface: Username and password do not match any user in this service]
2026-04-25 10:07:37 [INFO] 🧹 清理测试: test_login_failed[standard_user-secret_sauce22-Epic sadface: Username and password do not match any user in this service]
2026-04-25 10:07:37 [INFO] 🏁 测试完成: scripts/test_login.py::TestLogin::test_login_failed[standard_user-secret_sauce22-Epic sadface: Username and password do not match any user in this service]
2026-04-25 10:07:37 [INFO] ⚙️  准备测试: test_login_failed[standard_user--Epic sadface: Password is required]
2026-04-25 10:07:37 [INFO] 🚀 开始测试: scripts/test_login.py::TestLogin::test_login_failed[standard_user--Epic sadface: Password is required]
2026-04-25 10:07:39 [INFO] ✅ 测试通过: scripts/test_login.py::TestLogin::test_login_failed[standard_user--Epic sadface: Password is required]
2026-04-25 10:07:39 [INFO] 🧹 清理测试: test_login_failed[standard_user--Epic sadface: Password is required]
2026-04-25 10:07:39 [INFO] 🏁 测试完成: scripts/test_login.py::TestLogin::test_login_failed[standard_user--Epic sadface: Password is required]
2026-04-25 10:07:39 [INFO] ⚙️  准备测试: test_login_failed[-secret_sauce-Epic sadface: Username is required]
2026-04-25 10:07:39 [INFO] 🚀 开始测试: scripts/test_login.py::TestLogin::test_login_failed[-secret_sauce-Epic sadface: Username is required]
2026-04-25 10:07:41 [INFO] ✅ 测试通过: scripts/test_login.py::TestLogin::test_login_failed[-secret_sauce-Epic sadface: Username is required]
2026-04-25 10:07:41 [INFO] 🧹 清理测试: test_login_failed[-secret_sauce-Epic sadface: Username is required]
2026-04-25 10:07:41 [INFO] 🏁 测试完成: scripts/test_login.py::TestLogin::test_login_failed[-secret_sauce-Epic sadface: Username is required]
2026-04-25 10:07:41 [INFO] ⚙️  准备测试: test_add_goods_to_cart[Sauce Labs Backpack-1]
2026-04-25 10:07:43 [INFO] 🚀 开始测试: scripts/test_shopping.py::TestShopping::test_add_goods_to_cart[Sauce Labs Backpack-1]
2026-04-25 10:07:46 [INFO] ✅ 测试通过: scripts/test_shopping.py::TestShopping::test_add_goods_to_cart[Sauce Labs Backpack-1]
2026-04-25 10:07:46 [INFO] 🧹 清理测试: test_add_goods_to_cart[Sauce Labs Backpack-1]
2026-04-25 10:07:46 [INFO] 🏁 测试完成: scripts/test_shopping.py::TestShopping::test_add_goods_to_cart[Sauce Labs Backpack-1]
2026-04-25 10:07:46 [INFO] ⚙️  准备测试: test_add_goods_to_cart[Sauce Labs Bike Light-2]
2026-04-25 10:07:46 [INFO] 🚀 开始测试: scripts/test_shopping.py::TestShopping::test_add_goods_to_cart[Sauce Labs Bike Light-2]
2026-04-25 10:07:48 [INFO] ✅ 测试通过: scripts/test_shopping.py::TestShopping::test_add_goods_to_cart[Sauce Labs Bike Light-2]
2026-04-25 10:07:48 [INFO] 🧹 清理测试: test_add_goods_to_cart[Sauce Labs Bike Light-2]
2026-04-25 10:07:48 [INFO] 🏁 测试完成: scripts/test_shopping.py::TestShopping::test_add_goods_to_cart[Sauce Labs Bike Light-2]
2026-04-25 10:07:48 [INFO] ⚙️  准备测试: test_add_goods_to_cart[Sauce Labs Bolt T-Shirt-3]
2026-04-25 10:07:48 [INFO] 🚀 开始测试: scripts/test_shopping.py::TestShopping::test_add_goods_to_cart[Sauce Labs Bolt T-Shirt-3]
2026-04-25 10:07:50 [INFO] ✅ 测试通过: scripts/test_shopping.py::TestShopping::test_add_goods_to_cart[Sauce Labs Bolt T-Shirt-3]
2026-04-25 10:07:50 [INFO] 🧹 清理测试: test_add_goods_to_cart[Sauce Labs Bolt T-Shirt-3]
2026-04-25 10:07:50 [INFO] 🏁 测试完成: scripts/test_shopping.py::TestShopping::test_add_goods_to_cart[Sauce Labs Bolt T-Shirt-3]
2026-04-25 10:07:50 [INFO] ⚙️  准备测试: test_remove_goods_from_cart[Sauce Labs Backpack-2]
2026-04-25 10:07:50 [INFO] 🚀 开始测试: scripts/test_shopping.py::TestShopping::test_remove_goods_from_cart[Sauce Labs Backpack-2]
2026-04-25 10:07:52 [INFO] ✅ 测试通过: scripts/test_shopping.py::TestShopping::test_remove_goods_from_cart[Sauce Labs Backpack-2]
2026-04-25 10:07:52 [INFO] 🧹 清理测试: test_remove_goods_from_cart[Sauce Labs Backpack-2]
2026-04-25 10:07:52 [INFO] 🏁 测试完成: scripts/test_shopping.py::TestShopping::test_remove_goods_from_cart[Sauce Labs Backpack-2]
2026-04-25 10:07:52 [INFO] ⚙️  准备测试: test_remove_goods_from_cart[Sauce Labs Bike Light-1]
2026-04-25 10:07:52 [INFO] 🚀 开始测试: scripts/test_shopping.py::TestShopping::test_remove_goods_from_cart[Sauce Labs Bike Light-1]
2026-04-25 10:07:54 [INFO] ✅ 测试通过: scripts/test_shopping.py::TestShopping::test_remove_goods_from_cart[Sauce Labs Bike Light-1]
2026-04-25 10:07:54 [INFO] 🧹 清理测试: test_remove_goods_from_cart[Sauce Labs Bike Light-1]
2026-04-25 10:07:56 [INFO] 🏁 测试完成: scripts/test_shopping.py::TestShopping::test_remove_goods_from_cart[Sauce Labs Bike Light-1]
